  BodyRB.cpp
  Brake.cpp
  Car.cpp
  CarCamera.cpp
  CarSelectScene.cpp
  EnvCamera.cpp
  Field.cpp
  GameManager.cpp
  GameScene.cpp
  Main.cpp
  Meter.cpp
  Model.cpp
  RenderManager.cpp
  Scene.cpp
  ShadowCamera.cpp
  Sky.cpp
  SmokeManager.cpp
  Suspension.cpp
  TireRB.cpp
  コード生成しています。
  93 of 3980 functions ( 2.3%) were compiled, the rest were copied from previous compilation.
    0 functions were new in current compilation
    51 functions had inline decision re-evaluated but remain unchanged
  コード生成が終了しました。
imgui_demo.obj : warning LNK4020: 'c:\users\muras\desktop\kurumasim\kurumasimulator\x64\release\vc145.pdb' の型レコードは破損しています。一部のシンボルおよび型は、デバッガーからはアクセスできない可能性があります。
imgui.obj : warning LNK4020: 'c:\users\muras\desktop\kurumasim\kurumasimulator\x64\release\vc145.pdb' の型レコードは破損しています。一部のシンボルおよび型は、デバッガーからはアクセスできない可能性があります。
imgui_impl_win32.obj : warning LNK4020: 'c:\users\muras\desktop\kurumasim\kurumasimulator\x64\release\vc145.pdb' の型レコードは破損しています。一部のシンボルおよび型は、デバッガーからはアクセスできない可能性があります。
imgui_impl_dx12.obj : warning LNK4020: 'c:\users\muras\desktop\kurumasim\kurumasimulator\x64\release\vc145.pdb' の型レコードは破損しています。一部のシンボルおよび型は、デバッガーからはアクセスできない可能性があります。
imgui_draw.obj : warning LNK4020: 'c:\users\muras\desktop\kurumasim\kurumasimulator\x64\release\vc145.pdb' の型レコードは破損しています。一部のシンボルおよび型は、デバッガーからはアクセスできない可能性があります。
Brake.obj : warning LNK4020: 'c:\users\muras\desktop\kurumasim\kurumasimulator\x64\release\vc145.pdb' の型レコードは破損しています。一部のシンボルおよび型は、デバッガーからはアクセスできない可能性があります。
BodyRB.obj : warning LNK4020: 'c:\users\muras\desktop\kurumasim\kurumasimulator\x64\release\vc145.pdb' の型レコードは破損しています。一部のシンボルおよび型は、デバッガーからはアクセスできない可能性があります。
imgui_widgets.obj : warning LNK4020: 'c:\users\muras\desktop\kurumasim\kurumasimulator\x64\release\vc145.pdb' の型レコードは破損しています。一部のシンボルおよび型は、デバッガーからはアクセスできない可能性があります。
CarCamera.obj : warning LNK4020: 'c:\users\muras\desktop\kurumasim\kurumasimulator\x64\release\vc145.pdb' の型レコードは破損しています。一部のシンボルおよび型は、デバッガーからはアクセスできない可能性があります。
Car.obj : warning LNK4020: 'c:\users\muras\desktop\kurumasim\kurumasimulator\x64\release\vc145.pdb' の型レコードは破損しています。一部のシンボルおよび型は、デバッガーからはアクセスできない可能性があります。
Clutch.obj : warning LNK4020: 'c:\users\muras\desktop\kurumasim\kurumasimulator\x64\release\vc145.pdb' の型レコードは破損しています。一部のシンボルおよび型は、デバッガーからはアクセスできない可能性があります。
Engine.obj : warning LNK4020: 'c:\users\muras\desktop\kurumasim\kurumasimulator\x64\release\vc145.pdb' の型レコードは破損しています。一部のシンボルおよび型は、デバッガーからはアクセスできない可能性があります。
Differential.obj : warning LNK4020: 'c:\users\muras\desktop\kurumasim\kurumasimulator\x64\release\vc145.pdb' の型レコードは破損しています。一部のシンボルおよび型は、デバッガーからはアクセスできない可能性があります。
CarSelectScene.obj : warning LNK4020: 'c:\users\muras\desktop\kurumasim\kurumasimulator\x64\release\vc145.pdb' の型レコードは破損しています。一部のシンボルおよび型は、デバッガーからはアクセスできない可能性があります。
DDSTextureLoader12.obj : warning LNK4020: 'c:\users\muras\desktop\kurumasim\kurumasimulator\x64\release\vc145.pdb' の型レコードは破損しています。一部のシンボルおよび型は、デバッガーからはアクセスできない可能性があります。
EnvCamera.obj : warning LNK4020: 'c:\users\muras\desktop\kurumasim\kurumasimulator\x64\release\vc145.pdb' の型レコードは破損しています。一部のシンボルおよび型は、デバッガーからはアクセスできない可能性があります。
Field.obj : warning LNK4020: 'c:\users\muras\desktop\kurumasim\kurumasimulator\x64\release\vc145.pdb' の型レコードは破損しています。一部のシンボルおよび型は、デバッガーからはアクセスできない可能性があります。
GameManager.obj : warning LNK4020: 'c:\users\muras\desktop\kurumasim\kurumasimulator\x64\release\vc145.pdb' の型レコードは破損しています。一部のシンボルおよび型は、デバッガーからはアクセスできない可能性があります。
InputManager.obj : warning LNK4020: 'c:\users\muras\desktop\kurumasim\kurumasimulator\x64\release\vc145.pdb' の型レコードは破損しています。一部のシンボルおよび型は、デバッガーからはアクセスできない可能性があります。
MatrixVector.obj : warning LNK4020: 'c:\users\muras\desktop\kurumasim\kurumasimulator\x64\release\vc145.pdb' の型レコードは破損しています。一部のシンボルおよび型は、デバッガーからはアクセスできない可能性があります。
Meter.obj : warning LNK4020: 'c:\users\muras\desktop\kurumasim\kurumasimulator\x64\release\vc145.pdb' の型レコードは破損しています。一部のシンボルおよび型は、デバッガーからはアクセスできない可能性があります。
GameScene.obj : warning LNK4020: 'c:\users\muras\desktop\kurumasim\kurumasimulator\x64\release\vc145.pdb' の型レコードは破損しています。一部のシンボルおよび型は、デバッガーからはアクセスできない可能性があります。
EngineSound.obj : warning LNK4020: 'c:\users\muras\desktop\kurumasim\kurumasimulator\x64\release\vc145.pdb' の型レコードは破損しています。一部のシンボルおよび型は、デバッガーからはアクセスできない可能性があります。
Main.obj : warning LNK4020: 'c:\users\muras\desktop\kurumasim\kurumasimulator\x64\release\vc145.pdb' の型レコードは破損しています。一部のシンボルおよび型は、デバッガーからはアクセスできない可能性があります。
Model.obj : warning LNK4020: 'c:\users\muras\desktop\kurumasim\kurumasimulator\x64\release\vc145.pdb' の型レコードは破損しています。一部のシンボルおよび型は、デバッガーからはアクセスできない可能性があります。
Scene.obj : warning LNK4020: 'c:\users\muras\desktop\kurumasim\kurumasimulator\x64\release\vc145.pdb' の型レコードは破損しています。一部のシンボルおよび型は、デバッガーからはアクセスできない可能性があります。
Setting.obj : warning LNK4020: 'c:\users\muras\desktop\kurumasim\kurumasimulator\x64\release\vc145.pdb' の型レコードは破損しています。一部のシンボルおよび型は、デバッガーからはアクセスできない可能性があります。
RigidBody.obj : warning LNK4020: 'c:\users\muras\desktop\kurumasim\kurumasimulator\x64\release\vc145.pdb' の型レコードは破損しています。一部のシンボルおよび型は、デバッガーからはアクセスできない可能性があります。
Suspension.obj : warning LNK4020: 'c:\users\muras\desktop\kurumasim\kurumasimulator\x64\release\vc145.pdb' の型レコードは破損しています。一部のシンボルおよび型は、デバッガーからはアクセスできない可能性があります。
TireRB.obj : warning LNK4020: 'c:\users\muras\desktop\kurumasim\kurumasimulator\x64\release\vc145.pdb' の型レコードは破損しています。一部のシンボルおよび型は、デバッガーからはアクセスできない可能性があります。
ShadowCamera.obj : warning LNK4020: 'c:\users\muras\desktop\kurumasim\kurumasimulator\x64\release\vc145.pdb' の型レコードは破損しています。一部のシンボルおよび型は、デバッガーからはアクセスできない可能性があります。
Transmission.obj : warning LNK4020: 'c:\users\muras\desktop\kurumasim\kurumasimulator\x64\release\vc145.pdb' の型レコードは破損しています。一部のシンボルおよび型は、デバッガーからはアクセスできない可能性があります。
SoundManager.obj : warning LNK4020: 'c:\users\muras\desktop\kurumasim\kurumasimulator\x64\release\vc145.pdb' の型レコードは破損しています。一部のシンボルおよび型は、デバッガーからはアクセスできない可能性があります。
RenderManager.obj : warning LNK4020: 'c:\users\muras\desktop\kurumasim\kurumasimulator\x64\release\vc145.pdb' の型レコードは破損しています。一部のシンボルおよび型は、デバッガーからはアクセスできない可能性があります。
SmokeManager.obj : warning LNK4020: 'c:\users\muras\desktop\kurumasim\kurumasimulator\x64\release\vc145.pdb' の型レコードは破損しています。一部のシンボルおよび型は、デバッガーからはアクセスできない可能性があります。
Pch.obj : warning LNK4020: 'c:\users\muras\desktop\kurumasim\kurumasimulator\x64\release\vc145.pdb' の型レコードは破損しています。一部のシンボルおよび型は、デバッガーからはアクセスできない可能性があります。
Sky.obj : warning LNK4020: 'c:\users\muras\desktop\kurumasim\kurumasimulator\x64\release\vc145.pdb' の型レコードは破損しています。一部のシンボルおよび型は、デバッガーからはアクセスできない可能性があります。
  KurumaSimulator.vcxproj -> C:\Users\muras\Desktop\KurumaSim\KurumaSimulator.exe
